---
http_interactions:
- request:
    method: post
    uri: http://platform.checkout.ru/service/order/87993
    body:
      encoding: UTF-8
      string: '{"order":{"goods":[{"name":"blue tshirt","code":"blt","variantCode":"blue","quantity":2,"assessedCost":1000,"payCost":750,"weight":0.5}],"delivery":{"deliveryId":2,"placeFiasId":"0c5b2444-70a0-4932-980c-b4dc0d3f02b5","addressPvz":"1-я
        Квесисская улица, 18","type":"postamat","cost":250,"minTerm":1,"maxTerm":2},"user":{"fullname":"Петя
        Пупкин","email":"testorder@example.com","phone":"555"},"comment":"TEST ORDER","paymentMethod":"cash"},"apiKey":"valid-api-key"}'
    headers:
      User-Agent:
      - Faraday v0.8.9
      Accept:
      - application/json
      Content-Type:
      - application/json
  response:
    status:
      code: 200
      message: 
    headers:
      server:
      - nginx/1.7.7
      date:
      - Fri, 16 Jan 2015 19:26:28 GMT
      content-type:
      - application/json;charset=UTF-8
      transfer-encoding:
      - chunked
      connection:
      - close
    body:
      encoding: UTF-8
      string: '{"error":true,"errorCode":6,"errorMessage":"null"}'
    http_version: 
  recorded_at: Fri, 16 Jan 2015 19:26:28 GMT
- request:
    method: post
    uri: http://platform.checkout.ru/service/order/88013
    body:
      encoding: UTF-8
      string: '{"order":{"goods":[{"name":"blue tshirt","code":"blt","variantCode":"blue","quantity":2,"assessedCost":1000,"payCost":750,"weight":0.5}],"delivery":{"deliveryId":2,"placeFiasId":"0c5b2444-70a0-4932-980c-b4dc0d3f02b5","addressPvz":"1-я
        Квесисская улица, 18","type":"postamat","cost":250,"minTerm":1,"maxTerm":2},"user":{"fullname":"Петя
        Пупкин","email":"testorder@example.com","phone":"555"},"comment":"TEST ORDER","paymentMethod":"cash"},"apiKey":"valid-api-key"}'
    headers:
      User-Agent:
      - Faraday v0.8.9
      Accept:
      - application/json
      Content-Type:
      - application/json
  response:
    status:
      code: 200
      message: 
    headers:
      server:
      - nginx/1.7.7
      date:
      - Fri, 16 Jan 2015 20:03:31 GMT
      content-type:
      - application/json;charset=UTF-8
      transfer-encoding:
      - chunked
      connection:
      - close
    body:
      encoding: UTF-8
      string: '{"error":true,"errorCode":6,"errorMessage":"null"}'
    http_version: 
  recorded_at: Fri, 16 Jan 2015 20:03:31 GMT
- request:
    method: post
    uri: http://platform.checkout.ru/service/order/88019
    body:
      encoding: UTF-8
      string: '{"order":{"goods":[{"name":"blue tshirt","code":"blt","variantCode":"blue","quantity":2,"assessedCost":1000,"payCost":750,"weight":0.5}],"delivery":{"deliveryId":2,"placeFiasId":"0c5b2444-70a0-4932-980c-b4dc0d3f02b5","addressPvz":"1-я
        Квесисская улица, 18","type":"postamat","cost":250,"minTerm":1,"maxTerm":2},"user":{"fullname":"Петя
        Пупкин","email":"testorder@example.com","phone":"555"},"comment":"TEST ORDER","paymentMethod":"cash"},"apiKey":"valid-api-key"}'
    headers:
      User-Agent:
      - Faraday v0.8.9
      Accept:
      - application/json
      Content-Type:
      - application/json
  response:
    status:
      code: 200
      message: 
    headers:
      server:
      - nginx/1.7.7
      date:
      - Fri, 16 Jan 2015 20:06:28 GMT
      content-type:
      - application/json;charset=UTF-8
      transfer-encoding:
      - chunked
      connection:
      - close
    body:
      encoding: UTF-8
      string: '{"error":true,"errorCode":6,"errorMessage":"null"}'
    http_version: 
  recorded_at: Fri, 16 Jan 2015 20:06:28 GMT
- request:
    method: post
    uri: http://platform.checkout.ru/service/order/88019
    body:
      encoding: UTF-8
      string: '{"order":{"goods":[{"name":"blue tshirt","code":"blt","variantCode":"blue","quantity":2,"assessedCost":1000,"payCost":750,"weight":0.5}],"delivery":{"deliveryId":2,"placeFiasId":"0c5b2444-70a0-4932-980c-b4dc0d3f02b5","addressPvz":"1-я
        Квесисская улица, 18","type":"postamat","cost":250,"minTerm":1,"maxTerm":2},"user":{"fullname":"Петя
        Пупкин","email":"testorder@example.com","phone":"555"},"comment":"TEST ORDER","paymentMethod":"cash"},"apiKey":"valid-api-key"}'
    headers:
      User-Agent:
      - Faraday v0.8.9
      Accept:
      - application/json
      Content-Type:
      - application/json
  response:
    status:
      code: 200
      message: 
    headers:
      server:
      - nginx/1.7.7
      date:
      - Fri, 16 Jan 2015 20:07:30 GMT
      content-type:
      - application/json;charset=UTF-8
      transfer-encoding:
      - chunked
      connection:
      - close
    body:
      encoding: UTF-8
      string: '{"error":true,"errorCode":6,"errorMessage":"null"}'
    http_version: 
  recorded_at: Fri, 16 Jan 2015 20:07:30 GMT
- request:
    method: post
    uri: http://platform.checkout.ru/service/order/88029
    body:
      encoding: UTF-8
      string: '{"order":{"goods":[{"name":"blue tshirt","code":"blt","variantCode":"blue","quantity":2,"assessedCost":1000,"payCost":750,"weight":0.5}],"delivery":{"deliveryId":2,"placeFiasId":"0c5b2444-70a0-4932-980c-b4dc0d3f02b5","addressPvz":"1-я
        Квесисская улица, 18","type":"postamat","cost":250,"minTerm":1,"maxTerm":2},"user":{"fullname":"Петя
        Пупкин","email":"testorder@example.com","phone":"555"},"comment":"TEST ORDER","paymentMethod":"cash"},"apiKey":"valid-api-key"}'
    headers:
      User-Agent:
      - Faraday v0.8.9
      Accept:
      - application/json
      Content-Type:
      - application/json
  response:
    status:
      code: 200
      message: 
    headers:
      server:
      - nginx/1.7.7
      date:
      - Fri, 16 Jan 2015 20:12:35 GMT
      content-type:
      - application/json;charset=UTF-8
      transfer-encoding:
      - chunked
      connection:
      - close
    body:
      encoding: UTF-8
      string: '{"error":true,"errorCode":6,"errorMessage":"null"}'
    http_version: 
  recorded_at: Fri, 16 Jan 2015 20:12:35 GMT
- request:
    method: post
    uri: http://platform.checkout.ru/service/order/88037
    body:
      encoding: UTF-8
      string: '{"order":{"goods":[{"name":"blue tshirt","code":"blt","variantCode":"blue","quantity":2,"assessedCost":1000,"payCost":750,"weight":0.5}],"delivery":{"deliveryId":2,"placeFiasId":"0c5b2444-70a0-4932-980c-b4dc0d3f02b5","addressPvz":"1-я
        Квесисская улица, 18","type":"postamat","cost":250,"minTerm":1,"maxTerm":2},"user":{"fullname":"Петя
        Пупкин","email":"testorder@example.com","phone":"555"},"comment":"TEST ORDER","paymentMethod":"cash"},"apiKey":"valid-api-key"}'
    headers:
      User-Agent:
      - Faraday v0.8.9
      Accept:
      - application/json
      Content-Type:
      - application/json
  response:
    status:
      code: 200
      message: 
    headers:
      server:
      - nginx/1.7.7
      date:
      - Fri, 16 Jan 2015 20:15:17 GMT
      content-type:
      - application/json;charset=UTF-8
      transfer-encoding:
      - chunked
      connection:
      - close
    body:
      encoding: UTF-8
      string: '{"error":true,"errorCode":6,"errorMessage":"null"}'
    http_version: 
  recorded_at: Fri, 16 Jan 2015 20:15:17 GMT
- request:
    method: post
    uri: http://platform.checkout.ru/service/order/88043
    body:
      encoding: UTF-8
      string: '{"order":{"goods":[{"name":"blue tshirt","code":"blt","variantCode":"blue","quantity":2,"assessedCost":1000,"payCost":750,"weight":0.5}],"delivery":{"deliveryId":2,"placeFiasId":"0c5b2444-70a0-4932-980c-b4dc0d3f02b5","addressPvz":"1-я
        Квесисская улица, 18","type":"postamat","cost":250,"minTerm":1,"maxTerm":2},"user":{"fullname":"Петя
        Пупкин","email":"testorder@example.com","phone":"555"},"comment":"TEST ORDER","paymentMethod":"cash"},"apiKey":"valid-api-key"}'
    headers:
      User-Agent:
      - Faraday v0.8.9
      Accept:
      - application/json
      Content-Type:
      - application/json
  response:
    status:
      code: 200
      message: 
    headers:
      server:
      - nginx/1.7.7
      date:
      - Fri, 16 Jan 2015 20:17:21 GMT
      content-type:
      - application/json;charset=UTF-8
      transfer-encoding:
      - chunked
      connection:
      - close
    body:
      encoding: UTF-8
      string: '{"error":true,"errorCode":6,"errorMessage":"null"}'
    http_version: 
  recorded_at: Fri, 16 Jan 2015 20:17:21 GMT
- request:
    method: get
    uri: http://platform.checkout.ru/service/order/statushistory/88043?apiKey=valid-api-key
    body:
      encoding: US-ASCII
      string: ''
    headers:
      User-Agent:
      - Faraday v0.8.9
      Accept:
      - application/json
  response:
    status:
      code: 200
      message: 
    headers:
      server:
      - nginx/1.7.7
      date:
      - Fri, 16 Jan 2015 20:17:36 GMT
      content-type:
      - application/json;charset=UTF-8
      content-length:
      - '333'
      connection:
      - close
    body:
      encoding: UTF-8
      string: "{\n\"order\":{\n\"id\":\"88043\", \n\"date\":\"16.01.2015\", \n\"totalCost\":1750.0,
        \n\"approximateDeliveryDate\":null},\"user\":{\n\"fullname\":\"Test Order\",
        \n\"address\":{\n\"postindex\":null, \n\"place\":\"г. Москва\",\n\"street\":\"\",\n\"house\":null,
        \n\"housing\":null, \n\"building\":null, \n\"appartment\":null}},\"deliveryName\":\"PickPoint\",
        \"deliveryHistory\" : [\n\n]\n}"
    http_version: 
  recorded_at: Fri, 16 Jan 2015 20:17:36 GMT
- request:
    method: post
    uri: http://platform.checkout.ru/service/order/88043
    body:
      encoding: UTF-8
      string: '{"order":{"goods":[{"name":"blue tshirt","code":"blt","variantCode":"blue","quantity":2,"assessedCost":1000,"payCost":750,"weight":0.5}],"delivery":{"deliveryId":2,"placeFiasId":"0c5b2444-70a0-4932-980c-b4dc0d3f02b5","addressPvz":"1-я
        Квесисская улица, 18","type":"postamat","cost":250,"minTerm":1,"maxTerm":2},"user":{"fullname":"Петя
        Пупкин","email":"testorder@example.com","phone":"555"},"comment":"TEST ORDER","paymentMethod":"cash"},"apiKey":"valid-api-key"}'
    headers:
      User-Agent:
      - Faraday v0.8.9
      Accept:
      - application/json
      Content-Type:
      - application/json
  response:
    status:
      code: 200
      message: 
    headers:
      server:
      - nginx/1.7.7
      date:
      - Fri, 16 Jan 2015 20:18:25 GMT
      content-type:
      - application/json;charset=UTF-8
      transfer-encoding:
      - chunked
      connection:
      - close
    body:
      encoding: UTF-8
      string: '{"error":true,"errorCode":6,"errorMessage":"null"}'
    http_version: 
  recorded_at: Fri, 16 Jan 2015 20:18:25 GMT
- request:
    method: post
    uri: http://platform.checkout.ru/service/order/create
    body:
      encoding: UTF-8
      string: '{"order":{"goods":[{"name":"blue tshirt","code":"blt","variantCode":"blue","quantity":2,"assessedCost":1000,"payCost":750,"weight":0.5}],"delivery":{"deliveryId":2,"placeFiasId":"0c5b2444-70a0-4932-980c-b4dc0d3f02b5","addressPvz":"1-я
        Квесисская улица, 18","type":"postamat","cost":250,"minTerm":1,"maxTerm":2},"user":{"fullname":"Test
        Order","email":"testorder@example.com","phone":"555"},"comment":"TEST ORDER","paymentMethod":"cash"},"apiKey":"valid-api-key"}'
    headers:
      User-Agent:
      - Faraday v0.8.9
      Accept:
      - application/json
      Content-Type:
      - application/json
  response:
    status:
      code: 200
      message: 
    headers:
      server:
      - nginx/1.7.7
      date:
      - Fri, 16 Jan 2015 20:25:49 GMT
      content-type:
      - application/json;charset=UTF-8
      transfer-encoding:
      - chunked
      connection:
      - close
    body:
      encoding: UTF-8
      string: '{"order":{"id":88053},"delivery":{"id":2,"serviceName":"PickPoint","cost":"250.0"}}'
    http_version: 
  recorded_at: Fri, 16 Jan 2015 20:25:49 GMT
- request:
    method: post
    uri: http://platform.checkout.ru/service/order/88053
    body:
      encoding: UTF-8
      string: '{"order":{"goods":[{"name":"blue tshirt","code":"blt","variantCode":"blue","quantity":2,"assessedCost":1000,"payCost":750,"weight":0.5}],"delivery":{"deliveryId":2,"placeFiasId":"0c5b2444-70a0-4932-980c-b4dc0d3f02b5","addressPvz":"1-я
        Квесисская улица, 18","type":"postamat","cost":250,"minTerm":1,"maxTerm":2},"user":{"fullname":"Петя
        Пупкин","email":"testorder@example.com","phone":"555"},"comment":"TEST ORDER","paymentMethod":"cash"},"apiKey":"valid-api-key"}'
    headers:
      User-Agent:
      - Faraday v0.8.9
      Accept:
      - application/json
      Content-Type:
      - application/json
  response:
    status:
      code: 200
      message: 
    headers:
      server:
      - nginx/1.7.7
      date:
      - Fri, 16 Jan 2015 20:25:49 GMT
      content-type:
      - application/json;charset=UTF-8
      transfer-encoding:
      - chunked
      connection:
      - close
    body:
      encoding: UTF-8
      string: '{"error":true,"errorCode":6,"errorMessage":"null"}'
    http_version: 
  recorded_at: Fri, 16 Jan 2015 20:25:49 GMT
recorded_with: VCR 2.9.3
